https://user:password@example.org
https://user:password@example.com
