https://user:password@example.com
https://user:password@example.org
